Command line invocation:
    /Applications/Xcode.app/Contents/Developer/usr/bin/xcodebuild -project stash.xcodeproj -scheme stash -destination "platform=iOS Simulator,name=iPhone 16 Pro,OS=18.5" build

--- xcodebuild: WARNING: Using the first of multiple matching destinations:
{ platform:iOS Simulator, arch:arm64, id:4A005C30-E201-4B8D-BBE6-500ACCB720D3, OS:18.5, name:iPhone 16 Pro }
{ platform:iOS Simulator, arch:x86_64, id:4A005C30-E201-4B8D-BBE6-500ACCB720D3, OS:18.5, name:iPhone 16 Pro }
ComputePackagePrebuildTargetDependencyGraph

Prepare packages

CreateBuildRequest

SendProjectDescription

CreateBuildOperation

ComputeTargetDependencyGraph
note: Building targets in dependency order
note: Target dependency graph (1 target)
    Target 'stash' in project 'stash' (no dependencies)

GatherProvisioningInputs

CreateBuildDescription

ExecuteExternalTool /Applications/Xcode.app/Contents/Developer/Toolchains/XcodeDefault.xctoolchain/usr/bin/clang -v -E -dM -isysroot /Applications/Xcode.app/Contents/Developer/Platforms/iPhoneSimulator.platform/Developer/SDKs/iPhoneSimulator18.4.sdk -x c -c /dev/null

ExecuteExternalTool /Applications/Xcode.app/Contents/Developer/usr/bin/actool --print-asset-tag-combinations --output-format xml1 /Users/charleskrivan/Desktop/stash/stash/Assets.xcassets /Users/charleskrivan/Desktop/stash/stash/Preview Content/Preview Assets.xcassets

ExecuteExternalTool /Applications/Xcode.app/Contents/Developer/usr/bin/actool --version --output-format xml1

ExecuteExternalTool /Applications/Xcode.app/Contents/Developer/Toolchains/XcodeDefault.xctoolchain/usr/bin/swiftc --version

ExecuteExternalTool /Applications/Xcode.app/Contents/Developer/Toolchains/XcodeDefault.xctoolchain/usr/bin/ld -version_details

Build description signature: 68d49869e808a81d14792f84747ba889
Build description path: /Users/charleskrivan/Library/Developer/Xcode/DerivedData/stash-euwkblhctvojokcckqrltedyvpyt/Build/Intermediates.noindex/XCBuildData/68d49869e808a81d14792f84747ba889.xcbuilddata
ClangStatCache /Applications/Xcode.app/Contents/Developer/Toolchains/XcodeDefault.xctoolchain/usr/bin/clang-stat-cache /Applications/Xcode.app/Contents/Developer/Platforms/iPhoneSimulator.platform/Developer/SDKs/iPhoneSimulator18.4.sdk /Users/charleskrivan/Library/Developer/Xcode/DerivedData/SDKStatCaches.noindex/iphonesimulator18.4-22E235-71825a6d136aa4733edcbe86ece5525b.sdkstatcache
    cd /Users/charleskrivan/Desktop/stash/stash.xcodeproj
    /Applications/Xcode.app/Contents/Developer/Toolchains/XcodeDefault.xctoolchain/usr/bin/clang-stat-cache /Applications/Xcode.app/Contents/Developer/Platforms/iPhoneSimulator.platform/Developer/SDKs/iPhoneSimulator18.4.sdk -o /Users/charleskrivan/Library/Developer/Xcode/DerivedData/SDKStatCaches.noindex/iphonesimulator18.4-22E235-71825a6d136aa4733edcbe86ece5525b.sdkstatcache

WriteAuxiliaryFile /Users/charleskrivan/Library/Developer/Xcode/DerivedData/stash-euwkblhctvojokcckqrltedyvpyt/Build/Intermediates.noindex/stash.build/Debug-iphonesimulator/stash.build/Objects-normal/arm64/stash.LinkFileList (in target 'stash' from project 'stash')
    cd /Users/charleskrivan/Desktop/stash
    write-file /Users/charleskrivan/Library/Developer/Xcode/DerivedData/stash-euwkblhctvojokcckqrltedyvpyt/Build/Intermediates.noindex/stash.build/Debug-iphonesimulator/stash.build/Objects-normal/arm64/stash.LinkFileList

WriteAuxiliaryFile /Users/charleskrivan/Library/Developer/Xcode/DerivedData/stash-euwkblhctvojokcckqrltedyvpyt/Build/Intermediates.noindex/stash.build/Debug-iphonesimulator/stash.build/Objects-normal/arm64/stash.SwiftConstValuesFileList (in target 'stash' from project 'stash')
    cd /Users/charleskrivan/Desktop/stash
    write-file /Users/charleskrivan/Library/Developer/Xcode/DerivedData/stash-euwkblhctvojokcckqrltedyvpyt/Build/Intermediates.noindex/stash.build/Debug-iphonesimulator/stash.build/Objects-normal/arm64/stash.SwiftConstValuesFileList

WriteAuxiliaryFile /Users/charleskrivan/Library/Developer/Xcode/DerivedData/stash-euwkblhctvojokcckqrltedyvpyt/Build/Intermediates.noindex/stash.build/Debug-iphonesimulator/stash.build/Objects-normal/arm64/stash.SwiftFileList (in target 'stash' from project 'stash')
    cd /Users/charleskrivan/Desktop/stash
    write-file /Users/charleskrivan/Library/Developer/Xcode/DerivedData/stash-euwkblhctvojokcckqrltedyvpyt/Build/Intermediates.noindex/stash.build/Debug-iphonesimulator/stash.build/Objects-normal/arm64/stash.SwiftFileList

ProcessProductPackaging "" /Users/charleskrivan/Library/Developer/Xcode/DerivedData/stash-euwkblhctvojokcckqrltedyvpyt/Build/Intermediates.noindex/stash.build/Debug-iphonesimulator/stash.build/stash.app-Simulated.xcent (in target 'stash' from project 'stash')
    cd /Users/charleskrivan/Desktop/stash
    
    Entitlements:
    
    {
    "application-identifier" = "RLHAQ44Q53.com.ck.test.stash";
}
    
    builtin-productPackagingUtility -entitlements -format xml -o /Users/charleskrivan/Library/Developer/Xcode/DerivedData/stash-euwkblhctvojokcckqrltedyvpyt/Build/Intermediates.noindex/stash.build/Debug-iphonesimulator/stash.build/stash.app-Simulated.xcent

ProcessProductPackagingDER /Users/charleskrivan/Library/Developer/Xcode/DerivedData/stash-euwkblhctvojokcckqrltedyvpyt/Build/Intermediates.noindex/stash.build/Debug-iphonesimulator/stash.build/stash.app-Simulated.xcent /Users/charleskrivan/Library/Developer/Xcode/DerivedData/stash-euwkblhctvojokcckqrltedyvpyt/Build/Intermediates.noindex/stash.build/Debug-iphonesimulator/stash.build/stash.app-Simulated.xcent.der (in target 'stash' from project 'stash')
    cd /Users/charleskrivan/Desktop/stash
    /usr/bin/derq query -f xml -i /Users/charleskrivan/Library/Developer/Xcode/DerivedData/stash-euwkblhctvojokcckqrltedyvpyt/Build/Intermediates.noindex/stash.build/Debug-iphonesimulator/stash.build/stash.app-Simulated.xcent -o /Users/charleskrivan/Library/Developer/Xcode/DerivedData/stash-euwkblhctvojokcckqrltedyvpyt/Build/Intermediates.noindex/stash.build/Debug-iphonesimulator/stash.build/stash.app-Simulated.xcent.der --raw

GenerateAssetSymbols /Users/charleskrivan/Desktop/stash/stash/Assets.xcassets /Users/charleskrivan/Desktop/stash/stash/Preview\ Content/Preview\ Assets.xcassets (in target 'stash' from project 'stash')
    cd /Users/charleskrivan/Desktop/stash
    /Applications/Xcode.app/Contents/Developer/usr/bin/actool /Users/charleskrivan/Desktop/stash/stash/Assets.xcassets /Users/charleskrivan/Desktop/stash/stash/Preview\ Content/Preview\ Assets.xcassets --compile /Users/charleskrivan/Library/Developer/Xcode/DerivedData/stash-euwkblhctvojokcckqrltedyvpyt/Build/Products/Debug-iphonesimulator/stash.app --output-format human-readable-text --notices --warnings --export-dependency-info /Users/charleskrivan/Library/Developer/Xcode/DerivedData/stash-euwkblhctvojokcckqrltedyvpyt/Build/Intermediates.noindex/stash.build/Debug-iphonesimulator/stash.build/assetcatalog_dependencies --output-partial-info-plist /Users/charleskrivan/Library/Developer/Xcode/DerivedData/stash-euwkblhctvojokcckqrltedyvpyt/Build/Intermediates.noindex/stash.build/Debug-iphonesimulator/stash.build/assetcatalog_generated_info.plist --app-icon AppIcon --accent-color AccentColor --compress-pngs --enable-on-demand-resources YES --development-region en --target-device iphone --target-device ipad --minimum-deployment-target 18.1 --platform iphonesimulator --bundle-identifier com.ck.test.stash --generate-swift-asset-symbols /Users/charleskrivan/Library/Developer/Xcode/DerivedData/stash-euwkblhctvojokcckqrltedyvpyt/Build/Intermediates.noindex/stash.build/Debug-iphonesimulator/stash.build/DerivedSources/GeneratedAssetSymbols.swift --generate-objc-asset-symbols /Users/charleskrivan/Library/Developer/Xcode/DerivedData/stash-euwkblhctvojokcckqrltedyvpyt/Build/Intermediates.noindex/stash.build/Debug-iphonesimulator/stash.build/DerivedSources/GeneratedAssetSymbols.h --generate-asset-symbol-index /Users/charleskrivan/Library/Developer/Xcode/DerivedData/stash-euwkblhctvojokcckqrltedyvpyt/Build/Intermediates.noindex/stash.build/Debug-iphonesimulator/stash.build/DerivedSources/GeneratedAssetSymbols-Index.plist
/* com.apple.actool.compilation-results */
/Users/charleskrivan/Library/Developer/Xcode/DerivedData/stash-euwkblhctvojokcckqrltedyvpyt/Build/Intermediates.noindex/stash.build/Debug-iphonesimulator/stash.build/DerivedSources/GeneratedAssetSymbols-Index.plist
/Users/charleskrivan/Library/Developer/Xcode/DerivedData/stash-euwkblhctvojokcckqrltedyvpyt/Build/Intermediates.noindex/stash.build/Debug-iphonesimulator/stash.build/DerivedSources/GeneratedAssetSymbols.h
/Users/charleskrivan/Library/Developer/Xcode/DerivedData/stash-euwkblhctvojokcckqrltedyvpyt/Build/Intermediates.noindex/stash.build/Debug-iphonesimulator/stash.build/DerivedSources/GeneratedAssetSymbols.swift


CompileAssetCatalogVariant thinned /Users/charleskrivan/Library/Developer/Xcode/DerivedData/stash-euwkblhctvojokcckqrltedyvpyt/Build/Products/Debug-iphonesimulator/stash.app /Users/charleskrivan/Desktop/stash/stash/Assets.xcassets /Users/charleskrivan/Desktop/stash/stash/Preview\ Content/Preview\ Assets.xcassets (in target 'stash' from project 'stash')
    cd /Users/charleskrivan/Desktop/stash
    /Applications/Xcode.app/Contents/Developer/usr/bin/actool /Users/charleskrivan/Desktop/stash/stash/Assets.xcassets /Users/charleskrivan/Desktop/stash/stash/Preview\ Content/Preview\ Assets.xcassets --compile /Users/charleskrivan/Library/Developer/Xcode/DerivedData/stash-euwkblhctvojokcckqrltedyvpyt/Build/Intermediates.noindex/stash.build/Debug-iphonesimulator/stash.build/assetcatalog_output/thinned --output-format human-readable-text --notices --warnings --export-dependency-info /Users/charleskrivan/Library/Developer/Xcode/DerivedData/stash-euwkblhctvojokcckqrltedyvpyt/Build/Intermediates.noindex/stash.build/Debug-iphonesimulator/stash.build/assetcatalog_dependencies_thinned --output-partial-info-plist /Users/charleskrivan/Library/Developer/Xcode/DerivedData/stash-euwkblhctvojokcckqrltedyvpyt/Build/Intermediates.noindex/stash.build/Debug-iphonesimulator/stash.build/assetcatalog_generated_info.plist_thinned --app-icon AppIcon --accent-color AccentColor --compress-pngs --enable-on-demand-resources YES --filter-for-thinning-device-configuration iPhone17,1 --filter-for-device-os-version 18.5 --development-region en --target-device iphone --target-device ipad --minimum-deployment-target 18.1 --platform iphonesimulator
/* com.apple.actool.compilation-results */
/Users/charleskrivan/Library/Developer/Xcode/DerivedData/stash-euwkblhctvojokcckqrltedyvpyt/Build/Intermediates.noindex/stash.build/Debug-iphonesimulator/stash.build/assetcatalog_generated_info.plist_thinned
/Users/charleskrivan/Library/Developer/Xcode/DerivedData/stash-euwkblhctvojokcckqrltedyvpyt/Build/Intermediates.noindex/stash.build/Debug-iphonesimulator/stash.build/assetcatalog_output/thinned/AppIcon60x60@2x.png
/Users/charleskrivan/Library/Developer/Xcode/DerivedData/stash-euwkblhctvojokcckqrltedyvpyt/Build/Intermediates.noindex/stash.build/Debug-iphonesimulator/stash.build/assetcatalog_output/thinned/AppIcon76x76@2x~ipad.png
/Users/charleskrivan/Library/Developer/Xcode/DerivedData/stash-euwkblhctvojokcckqrltedyvpyt/Build/Intermediates.noindex/stash.build/Debug-iphonesimulator/stash.build/assetcatalog_output/thinned/Assets.car


SwiftDriver stash normal arm64 com.apple.xcode.tools.swift.compiler (in target 'stash' from project 'stash')
    cd /Users/charleskrivan/Desktop/stash
    builtin-SwiftDriver -- /Applications/Xcode.app/Contents/Developer/Toolchains/XcodeDefault.xctoolchain/usr/bin/swiftc -module-name stash -Onone -enforce-exclusivity\=checked @/Users/charleskrivan/Library/Developer/Xcode/DerivedData/stash-euwkblhctvojokcckqrltedyvpyt/Build/Intermediates.noindex/stash.build/Debug-iphonesimulator/stash.build/Objects-normal/arm64/stash.SwiftFileList -DDEBUG -enable-bare-slash-regex -enable-experimental-feature DebugDescriptionMacro -sdk /Applications/Xcode.app/Contents/Developer/Platforms/iPhoneSimulator.platform/Developer/SDKs/iPhoneSimulator18.4.sdk -target arm64-apple-ios18.1-simulator -g -module-cache-path /Users/charleskrivan/Library/Developer/Xcode/DerivedData/ModuleCache.noindex -Xfrontend -serialize-debugging-options -enable-testing -index-store-path /Users/charleskrivan/Library/Developer/Xcode/DerivedData/stash-euwkblhctvojokcckqrltedyvpyt/Index.noindex/DataStore -swift-version 5 -I /Users/charleskrivan/Library/Developer/Xcode/DerivedData/stash-euwkblhctvojokcckqrltedyvpyt/Build/Products/Debug-iphonesimulator -F /Users/charleskrivan/Library/Developer/Xcode/DerivedData/stash-euwkblhctvojokcckqrltedyvpyt/Build/Products/Debug-iphonesimulator -emit-localized-strings -emit-localized-strings-path /Users/charleskrivan/Library/Developer/Xcode/DerivedData/stash-euwkblhctvojokcckqrltedyvpyt/Build/Intermediates.noindex/stash.build/Debug-iphonesimulator/stash.build/Objects-normal/arm64 -c -j10 -enable-batch-mode -incremental -Xcc -ivfsstatcache -Xcc /Users/charleskrivan/Library/Developer/Xcode/DerivedData/SDKStatCaches.noindex/iphonesimulator18.4-22E235-71825a6d136aa4733edcbe86ece5525b.sdkstatcache -output-file-map /Users/charleskrivan/Library/Developer/Xcode/DerivedData/stash-euwkblhctvojokcckqrltedyvpyt/Build/Intermediates.noindex/stash.build/Debug-iphonesimulator/stash.build/Objects-normal/arm64/stash-OutputFileMap.json -use-frontend-parseable-output -save-temps -no-color-diagnostics -serialize-diagnostics -emit-dependencies -emit-module -emit-module-path /Users/charleskrivan/Library/Developer/Xcode/DerivedData/stash-euwkblhctvojokcckqrltedyvpyt/Build/Intermediates.noindex/stash.build/Debug-iphonesimulator/stash.build/Objects-normal/arm64/stash.swiftmodule -validate-clang-modules-once -clang-build-session-file /Users/charleskrivan/Library/Developer/Xcode/DerivedData/ModuleCache.noindex/Session.modulevalidation -Xcc -I/Users/charleskrivan/Library/Developer/Xcode/DerivedData/stash-euwkblhctvojokcckqrltedyvpyt/Build/Intermediates.noindex/stash.build/Debug-iphonesimulator/stash.build/swift-overrides.hmap -emit-const-values -Xfrontend -const-gather-protocols-file -Xfrontend /Users/charleskrivan/Library/Developer/Xcode/DerivedData/stash-euwkblhctvojokcckqrltedyvpyt/Build/Intermediates.noindex/stash.build/Debug-iphonesimulator/stash.build/Objects-normal/arm64/stash_const_extract_protocols.json -Xcc -iquote -Xcc /Users/charleskrivan/Library/Developer/Xcode/DerivedData/stash-euwkblhctvojokcckqrltedyvpyt/Build/Intermediates.noindex/stash.build/Debug-iphonesimulator/stash.build/stash-generated-files.hmap -Xcc -I/Users/charleskrivan/Library/Developer/Xcode/DerivedData/stash-euwkblhctvojokcckqrltedyvpyt/Build/Intermediates.noindex/stash.build/Debug-iphonesimulator/stash.build/stash-own-target-headers.hmap -Xcc -I/Users/charleskrivan/Library/Developer/Xcode/DerivedData/stash-euwkblhctvojokcckqrltedyvpyt/Build/Intermediates.noindex/stash.build/Debug-iphonesimulator/stash.build/stash-all-target-headers.hmap -Xcc -iquote -Xcc /Users/charleskrivan/Library/Developer/Xcode/DerivedData/stash-euwkblhctvojokcckqrltedyvpyt/Build/Intermediates.noindex/stash.build/Debug-iphonesimulator/stash.build/stash-project-headers.hmap -Xcc -I/Users/charleskrivan/Library/Developer/Xcode/DerivedData/stash-euwkblhctvojokcckqrltedyvpyt/Build/Products/Debug-iphonesimulator/include -Xcc -I/Users/charleskrivan/Library/Developer/Xcode/DerivedData/stash-euwkblhctvojokcckqrltedyvpyt/Build/Intermediates.noindex/stash.build/Debug-iphonesimulator/stash.build/DerivedSources-normal/arm64 -Xcc -I/Users/charleskrivan/Library/Developer/Xcode/DerivedData/stash-euwkblhctvojokcckqrltedyvpyt/Build/Intermediates.noindex/stash.build/Debug-iphonesimulator/stash.build/DerivedSources/arm64 -Xcc -I/Users/charleskrivan/Library/Developer/Xcode/DerivedData/stash-euwkblhctvojokcckqrltedyvpyt/Build/Intermediates.noindex/stash.build/Debug-iphonesimulator/stash.build/DerivedSources -Xcc -DDEBUG\=1 -emit-objc-header -emit-objc-header-path /Users/charleskrivan/Library/Developer/Xcode/DerivedData/stash-euwkblhctvojokcckqrltedyvpyt/Build/Intermediates.noindex/stash.build/Debug-iphonesimulator/stash.build/Objects-normal/arm64/stash-Swift.h -working-directory /Users/charleskrivan/Desktop/stash -experimental-emit-module-separately -disable-cmo

SwiftCompile normal arm64 Compiling\ GeneratedAssetSymbols.swift /Users/charleskrivan/Library/Developer/Xcode/DerivedData/stash-euwkblhctvojokcckqrltedyvpyt/Build/Intermediates.noindex/stash.build/Debug-iphonesimulator/stash.build/DerivedSources/GeneratedAssetSymbols.swift (in target 'stash' from project 'stash')

SwiftCompile normal arm64 /Users/charleskrivan/Library/Developer/Xcode/DerivedData/stash-euwkblhctvojokcckqrltedyvpyt/Build/Intermediates.noindex/stash.build/Debug-iphonesimulator/stash.build/DerivedSources/GeneratedAssetSymbols.swift (in target 'stash' from project 'stash')
    cd /Users/charleskrivan/Desktop/stash
    

SwiftEmitModule normal arm64 Emitting\ module\ for\ stash (in target 'stash' from project 'stash')

EmitSwiftModule normal arm64 (in target 'stash' from project 'stash')
    cd /Users/charleskrivan/Desktop/stash
    
/Users/charleskrivan/Desktop/stash/stash/Networking/StashAPI.swift:859:17: warning: initialization of immutable value 'sortField' was never used; consider replacing with assignment to '_' or removing it
            let sortField = sort == "random" ? "random_\(randomSeed)" : sort
            ~~~~^~~~~~~~~
            _
/Users/charleskrivan/Desktop/stash/stash/Networking/StashAPI.swift:1982:13: warning: immutable value 'sceneCountValue' was never used; consider removing it
        let sceneCountValue: String
            ^
/Users/charleskrivan/Desktop/stash/stash/Networking/StashAPI.swift:1994:13: warning: initialization of immutable value 'sceneCountModifier' was never used; consider replacing with assignment to '_' or removing it
        let sceneCountModifier = filter == .lessThanTwo ? "LESS_THAN" : "GREATER_THAN"
        ~~~~^~~~~~~~~~~~~~~~~~
        _
/Users/charleskrivan/Desktop/stash/stash/ViewModels/MarkerViewModel.swift:125:44: warning: reference to captured var 'tags' in concurrently-executing code; this is an error in the Swift 6 language mode
                self.availableTags = Array(tags).sorted { $0.name < $1.name }
                                           ^
/Users/charleskrivan/Desktop/stash/stash/ViewModels/MarkerViewModel.swift:255:44: warning: reference to captured var 'tags' in concurrently-executing code; this is an error in the Swift 6 language mode
                self.availableTags = Array(tags).sorted { $0.name < $1.name }
                                           ^
/Users/charleskrivan/Desktop/stash/stash/Views/Performers/PerformerDetailView.swift:122:32: warning: result of call to 'getMarkerCount()' is unused
                    await self.getMarkerCount()
                               ^             ~~
/Users/charleskrivan/Desktop/stash/stash/Views/Performers/PerformerDetailView.swift:240:31: warning: result of call to 'getMarkerCount()' is unused
                        await getMarkerCount() // Load marker count in background
                              ^             ~~

SwiftDriverJobDiscovery normal arm64 Compiling GeneratedAssetSymbols.swift (in target 'stash' from project 'stash')

SwiftDriverJobDiscovery normal arm64 Emitting module for stash (in target 'stash' from project 'stash')

SwiftDriver\ Compilation\ Requirements stash normal arm64 com.apple.xcode.tools.swift.compiler (in target 'stash' from project 'stash')
    cd /Users/charleskrivan/Desktop/stash
    builtin-Swift-Compilation-Requirements -- /Applications/Xcode.app/Contents/Developer/Toolchains/XcodeDefault.xctoolchain/usr/bin/swiftc -module-name stash -Onone -enforce-exclusivity\=checked @/Users/charleskrivan/Library/Developer/Xcode/DerivedData/stash-euwkblhctvojokcckqrltedyvpyt/Build/Intermediates.noindex/stash.build/Debug-iphonesimulator/stash.build/Objects-normal/arm64/stash.SwiftFileList -DDEBUG -enable-bare-slash-regex -enable-experimental-feature DebugDescriptionMacro -sdk /Applications/Xcode.app/Contents/Developer/Platforms/iPhoneSimulator.platform/Developer/SDKs/iPhoneSimulator18.4.sdk -target arm64-apple-ios18.1-simulator -g -module-cache-path /Users/charleskrivan/Library/Developer/Xcode/DerivedData/ModuleCache.noindex -Xfrontend -serialize-debugging-options -enable-testing -index-store-path /Users/charleskrivan/Library/Developer/Xcode/DerivedData/stash-euwkblhctvojokcckqrltedyvpyt/Index.noindex/DataStore -swift-version 5 -I /Users/charleskrivan/Library/Developer/Xcode/DerivedData/stash-euwkblhctvojokcckqrltedyvpyt/Build/Products/Debug-iphonesimulator -F /Users/charleskrivan/Library/Developer/Xcode/DerivedData/stash-euwkblhctvojokcckqrltedyvpyt/Build/Products/Debug-iphonesimulator -emit-localized-strings -emit-localized-strings-path /Users/charleskrivan/Library/Developer/Xcode/DerivedData/stash-euwkblhctvojokcckqrltedyvpyt/Build/Intermediates.noindex/stash.build/Debug-iphonesimulator/stash.build/Objects-normal/arm64 -c -j10 -enable-batch-mode -incremental -Xcc -ivfsstatcache -Xcc /Users/charleskrivan/Library/Developer/Xcode/DerivedData/SDKStatCaches.noindex/iphonesimulator18.4-22E235-71825a6d136aa4733edcbe86ece5525b.sdkstatcache -output-file-map /Users/charleskrivan/Library/Developer/Xcode/DerivedData/stash-euwkblhctvojokcckqrltedyvpyt/Build/Intermediates.noindex/stash.build/Debug-iphonesimulator/stash.build/Objects-normal/arm64/stash-OutputFileMap.json -use-frontend-parseable-output -save-temps -no-color-diagnostics -serialize-diagnostics -emit-dependencies -emit-module -emit-module-path /Users/charleskrivan/Library/Developer/Xcode/DerivedData/stash-euwkblhctvojokcckqrltedyvpyt/Build/Intermediates.noindex/stash.build/Debug-iphonesimulator/stash.build/Objects-normal/arm64/stash.swiftmodule -validate-clang-modules-once -clang-build-session-file /Users/charleskrivan/Library/Developer/Xcode/DerivedData/ModuleCache.noindex/Session.modulevalidation -Xcc -I/Users/charleskrivan/Library/Developer/Xcode/DerivedData/stash-euwkblhctvojokcckqrltedyvpyt/Build/Intermediates.noindex/stash.build/Debug-iphonesimulator/stash.build/swift-overrides.hmap -emit-const-values -Xfrontend -const-gather-protocols-file -Xfrontend /Users/charleskrivan/Library/Developer/Xcode/DerivedData/stash-euwkblhctvojokcckqrltedyvpyt/Build/Intermediates.noindex/stash.build/Debug-iphonesimulator/stash.build/Objects-normal/arm64/stash_const_extract_protocols.json -Xcc -iquote -Xcc /Users/charleskrivan/Library/Developer/Xcode/DerivedData/stash-euwkblhctvojokcckqrltedyvpyt/Build/Intermediates.noindex/stash.build/Debug-iphonesimulator/stash.build/stash-generated-files.hmap -Xcc -I/Users/charleskrivan/Library/Developer/Xcode/DerivedData/stash-euwkblhctvojokcckqrltedyvpyt/Build/Intermediates.noindex/stash.build/Debug-iphonesimulator/stash.build/stash-own-target-headers.hmap -Xcc -I/Users/charleskrivan/Library/Developer/Xcode/DerivedData/stash-euwkblhctvojokcckqrltedyvpyt/Build/Intermediates.noindex/stash.build/Debug-iphonesimulator/stash.build/stash-all-target-headers.hmap -Xcc -iquote -Xcc /Users/charleskrivan/Library/Developer/Xcode/DerivedData/stash-euwkblhctvojokcckqrltedyvpyt/Build/Intermediates.noindex/stash.build/Debug-iphonesimulator/stash.build/stash-project-headers.hmap -Xcc -I/Users/charleskrivan/Library/Developer/Xcode/DerivedData/stash-euwkblhctvojokcckqrltedyvpyt/Build/Products/Debug-iphonesimulator/include -Xcc -I/Users/charleskrivan/Library/Developer/Xcode/DerivedData/stash-euwkblhctvojokcckqrltedyvpyt/Build/Intermediates.noindex/stash.build/Debug-iphonesimulator/stash.build/DerivedSources-normal/arm64 -Xcc -I/Users/charleskrivan/Library/Developer/Xcode/DerivedData/stash-euwkblhctvojokcckqrltedyvpyt/Build/Intermediates.noindex/stash.build/Debug-iphonesimulator/stash.build/DerivedSources/arm64 -Xcc -I/Users/charleskrivan/Library/Developer/Xcode/DerivedData/stash-euwkblhctvojokcckqrltedyvpyt/Build/Intermediates.noindex/stash.build/Debug-iphonesimulator/stash.build/DerivedSources -Xcc -DDEBUG\=1 -emit-objc-header -emit-objc-header-path /Users/charleskrivan/Library/Developer/Xcode/DerivedData/stash-euwkblhctvojokcckqrltedyvpyt/Build/Intermediates.noindex/stash.build/Debug-iphonesimulator/stash.build/Objects-normal/arm64/stash-Swift.h -working-directory /Users/charleskrivan/Desktop/stash -experimental-emit-module-separately -disable-cmo

SwiftDriver\ Compilation stash normal arm64 com.apple.xcode.tools.swift.compiler (in target 'stash' from project 'stash')
    cd /Users/charleskrivan/Desktop/stash
    builtin-Swift-Compilation -- /Applications/Xcode.app/Contents/Developer/Toolchains/XcodeDefault.xctoolchain/usr/bin/swiftc -module-name stash -Onone -enforce-exclusivity\=checked @/Users/charleskrivan/Library/Developer/Xcode/DerivedData/stash-euwkblhctvojokcckqrltedyvpyt/Build/Intermediates.noindex/stash.build/Debug-iphonesimulator/stash.build/Objects-normal/arm64/stash.SwiftFileList -DDEBUG -enable-bare-slash-regex -enable-experimental-feature DebugDescriptionMacro -sdk /Applications/Xcode.app/Contents/Developer/Platforms/iPhoneSimulator.platform/Developer/SDKs/iPhoneSimulator18.4.sdk -target arm64-apple-ios18.1-simulator -g -module-cache-path /Users/charleskrivan/Library/Developer/Xcode/DerivedData/ModuleCache.noindex -Xfrontend -serialize-debugging-options -enable-testing -index-store-path /Users/charleskrivan/Library/Developer/Xcode/DerivedData/stash-euwkblhctvojokcckqrltedyvpyt/Index.noindex/DataStore -swift-version 5 -I /Users/charleskrivan/Library/Developer/Xcode/DerivedData/stash-euwkblhctvojokcckqrltedyvpyt/Build/Products/Debug-iphonesimulator -F /Users/charleskrivan/Library/Developer/Xcode/DerivedData/stash-euwkblhctvojokcckqrltedyvpyt/Build/Products/Debug-iphonesimulator -emit-localized-strings -emit-localized-strings-path /Users/charleskrivan/Library/Developer/Xcode/DerivedData/stash-euwkblhctvojokcckqrltedyvpyt/Build/Intermediates.noindex/stash.build/Debug-iphonesimulator/stash.build/Objects-normal/arm64 -c -j10 -enable-batch-mode -incremental -Xcc -ivfsstatcache -Xcc /Users/charleskrivan/Library/Developer/Xcode/DerivedData/SDKStatCaches.noindex/iphonesimulator18.4-22E235-71825a6d136aa4733edcbe86ece5525b.sdkstatcache -output-file-map /Users/charleskrivan/Library/Developer/Xcode/DerivedData/stash-euwkblhctvojokcckqrltedyvpyt/Build/Intermediates.noindex/stash.build/Debug-iphonesimulator/stash.build/Objects-normal/arm64/stash-OutputFileMap.json -use-frontend-parseable-output -save-temps -no-color-diagnostics -serialize-diagnostics -emit-dependencies -emit-module -emit-module-path /Users/charleskrivan/Library/Developer/Xcode/DerivedData/stash-euwkblhctvojokcckqrltedyvpyt/Build/Intermediates.noindex/stash.build/Debug-iphonesimulator/stash.build/Objects-normal/arm64/stash.swiftmodule -validate-clang-modules-once -clang-build-session-file /Users/charleskrivan/Library/Developer/Xcode/DerivedData/ModuleCache.noindex/Session.modulevalidation -Xcc -I/Users/charleskrivan/Library/Developer/Xcode/DerivedData/stash-euwkblhctvojokcckqrltedyvpyt/Build/Intermediates.noindex/stash.build/Debug-iphonesimulator/stash.build/swift-overrides.hmap -emit-const-values -Xfrontend -const-gather-protocols-file -Xfrontend /Users/charleskrivan/Library/Developer/Xcode/DerivedData/stash-euwkblhctvojokcckqrltedyvpyt/Build/Intermediates.noindex/stash.build/Debug-iphonesimulator/stash.build/Objects-normal/arm64/stash_const_extract_protocols.json -Xcc -iquote -Xcc /Users/charleskrivan/Library/Developer/Xcode/DerivedData/stash-euwkblhctvojokcckqrltedyvpyt/Build/Intermediates.noindex/stash.build/Debug-iphonesimulator/stash.build/stash-generated-files.hmap -Xcc -I/Users/charleskrivan/Library/Developer/Xcode/DerivedData/stash-euwkblhctvojokcckqrltedyvpyt/Build/Intermediates.noindex/stash.build/Debug-iphonesimulator/stash.build/stash-own-target-headers.hmap -Xcc -I/Users/charleskrivan/Library/Developer/Xcode/DerivedData/stash-euwkblhctvojokcckqrltedyvpyt/Build/Intermediates.noindex/stash.build/Debug-iphonesimulator/stash.build/stash-all-target-headers.hmap -Xcc -iquote -Xcc /Users/charleskrivan/Library/Developer/Xcode/DerivedData/stash-euwkblhctvojokcckqrltedyvpyt/Build/Intermediates.noindex/stash.build/Debug-iphonesimulator/stash.build/stash-project-headers.hmap -Xcc -I/Users/charleskrivan/Library/Developer/Xcode/DerivedData/stash-euwkblhctvojokcckqrltedyvpyt/Build/Products/Debug-iphonesimulator/include -Xcc -I/Users/charleskrivan/Library/Developer/Xcode/DerivedData/stash-euwkblhctvojokcckqrltedyvpyt/Build/Intermediates.noindex/stash.build/Debug-iphonesimulator/stash.build/DerivedSources-normal/arm64 -Xcc -I/Users/charleskrivan/Library/Developer/Xcode/DerivedData/stash-euwkblhctvojokcckqrltedyvpyt/Build/Intermediates.noindex/stash.build/Debug-iphonesimulator/stash.build/DerivedSources/arm64 -Xcc -I/Users/charleskrivan/Library/Developer/Xcode/DerivedData/stash-euwkblhctvojokcckqrltedyvpyt/Build/Intermediates.noindex/stash.build/Debug-iphonesimulator/stash.build/DerivedSources -Xcc -DDEBUG\=1 -emit-objc-header -emit-objc-header-path /Users/charleskrivan/Library/Developer/Xcode/DerivedData/stash-euwkblhctvojokcckqrltedyvpyt/Build/Intermediates.noindex/stash.build/Debug-iphonesimulator/stash.build/Objects-normal/arm64/stash-Swift.h -working-directory /Users/charleskrivan/Desktop/stash -experimental-emit-module-separately -disable-cmo

Copy /Users/charleskrivan/Library/Developer/Xcode/DerivedData/stash-euwkblhctvojokcckqrltedyvpyt/Build/Products/Debug-iphonesimulator/stash.swiftmodule/arm64-apple-ios-simulator.swiftmodule /Users/charleskrivan/Library/Developer/Xcode/DerivedData/stash-euwkblhctvojokcckqrltedyvpyt/Build/Intermediates.noindex/stash.build/Debug-iphonesimulator/stash.build/Objects-normal/arm64/stash.swiftmodule (in target 'stash' from project 'stash')
    cd /Users/charleskrivan/Desktop/stash
    builtin-copy -exclude .DS_Store -exclude CVS -exclude .svn -exclude .git -exclude .hg -resolve-src-symlinks -rename /Users/charleskrivan/Library/Developer/Xcode/DerivedData/stash-euwkblhctvojokcckqrltedyvpyt/Build/Intermediates.noindex/stash.build/Debug-iphonesimulator/stash.build/Objects-normal/arm64/stash.swiftmodule /Users/charleskrivan/Library/Developer/Xcode/DerivedData/stash-euwkblhctvojokcckqrltedyvpyt/Build/Products/Debug-iphonesimulator/stash.swiftmodule/arm64-apple-ios-simulator.swiftmodule

Copy /Users/charleskrivan/Library/Developer/Xcode/DerivedData/stash-euwkblhctvojokcckqrltedyvpyt/Build/Products/Debug-iphonesimulator/stash.swiftmodule/arm64-apple-ios-simulator.swiftdoc /Users/charleskrivan/Library/Developer/Xcode/DerivedData/stash-euwkblhctvojokcckqrltedyvpyt/Build/Intermediates.noindex/stash.build/Debug-iphonesimulator/stash.build/Objects-normal/arm64/stash.swiftdoc (in target 'stash' from project 'stash')
    cd /Users/charleskrivan/Desktop/stash
    builtin-copy -exclude .DS_Store -exclude CVS -exclude .svn -exclude .git -exclude .hg -resolve-src-symlinks -rename /Users/charleskrivan/Library/Developer/Xcode/DerivedData/stash-euwkblhctvojokcckqrltedyvpyt/Build/Intermediates.noindex/stash.build/Debug-iphonesimulator/stash.build/Objects-normal/arm64/stash.swiftdoc /Users/charleskrivan/Library/Developer/Xcode/DerivedData/stash-euwkblhctvojokcckqrltedyvpyt/Build/Products/Debug-iphonesimulator/stash.swiftmodule/arm64-apple-ios-simulator.swiftdoc

Copy /Users/charleskrivan/Library/Developer/Xcode/DerivedData/stash-euwkblhctvojokcckqrltedyvpyt/Build/Products/Debug-iphonesimulator/stash.swiftmodule/arm64-apple-ios-simulator.abi.json /Users/charleskrivan/Library/Developer/Xcode/DerivedData/stash-euwkblhctvojokcckqrltedyvpyt/Build/Intermediates.noindex/stash.build/Debug-iphonesimulator/stash.build/Objects-normal/arm64/stash.abi.json (in target 'stash' from project 'stash')
    cd /Users/charleskrivan/Desktop/stash
    builtin-copy -exclude .DS_Store -exclude CVS -exclude .svn -exclude .git -exclude .hg -resolve-src-symlinks -rename /Users/charleskrivan/Library/Developer/Xcode/DerivedData/stash-euwkblhctvojokcckqrltedyvpyt/Build/Intermediates.noindex/stash.build/Debug-iphonesimulator/stash.build/Objects-normal/arm64/stash.abi.json /Users/charleskrivan/Library/Developer/Xcode/DerivedData/stash-euwkblhctvojokcckqrltedyvpyt/Build/Products/Debug-iphonesimulator/stash.swiftmodule/arm64-apple-ios-simulator.abi.json

Copy /Users/charleskrivan/Library/Developer/Xcode/DerivedData/stash-euwkblhctvojokcckqrltedyvpyt/Build/Products/Debug-iphonesimulator/stash.swiftmodule/Project/arm64-apple-ios-simulator.swiftsourceinfo /Users/charleskrivan/Library/Developer/Xcode/DerivedData/stash-euwkblhctvojokcckqrltedyvpyt/Build/Intermediates.noindex/stash.build/Debug-iphonesimulator/stash.build/Objects-normal/arm64/stash.swiftsourceinfo (in target 'stash' from project 'stash')
    cd /Users/charleskrivan/Desktop/stash
    builtin-copy -exclude .DS_Store -exclude CVS -exclude .svn -exclude .git -exclude .hg -resolve-src-symlinks -rename /Users/charleskrivan/Library/Developer/Xcode/DerivedData/stash-euwkblhctvojokcckqrltedyvpyt/Build/Intermediates.noindex/stash.build/Debug-iphonesimulator/stash.build/Objects-normal/arm64/stash.swiftsourceinfo /Users/charleskrivan/Library/Developer/Xcode/DerivedData/stash-euwkblhctvojokcckqrltedyvpyt/Build/Products/Debug-iphonesimulator/stash.swiftmodule/Project/arm64-apple-ios-simulator.swiftsourceinfo

Ld /Users/charleskrivan/Library/Developer/Xcode/DerivedData/stash-euwkblhctvojokcckqrltedyvpyt/Build/Products/Debug-iphonesimulator/stash.app/stash.debug.dylib normal (in target 'stash' from project 'stash')
    cd /Users/charleskrivan/Desktop/stash
    /Applications/Xcode.app/Contents/Developer/Toolchains/XcodeDefault.xctoolchain/usr/bin/clang -Xlinker -reproducible -target arm64-apple-ios18.1-simulator -dynamiclib -isysroot /Applications/Xcode.app/Contents/Developer/Platforms/iPhoneSimulator.platform/Developer/SDKs/iPhoneSimulator18.4.sdk -O0 -L/Users/charleskrivan/Library/Developer/Xcode/DerivedData/stash-euwkblhctvojokcckqrltedyvpyt/Build/Intermediates.noindex/EagerLinkingTBDs/Debug-iphonesimulator -L/Users/charleskrivan/Library/Developer/Xcode/DerivedData/stash-euwkblhctvojokcckqrltedyvpyt/Build/Products/Debug-iphonesimulator -F/Users/charleskrivan/Library/Developer/Xcode/DerivedData/stash-euwkblhctvojokcckqrltedyvpyt/Build/Intermediates.noindex/EagerLinkingTBDs/Debug-iphonesimulator -F/Users/charleskrivan/Library/Developer/Xcode/DerivedData/stash-euwkblhctvojokcckqrltedyvpyt/Build/Products/Debug-iphonesimulator -filelist /Users/charleskrivan/Library/Developer/Xcode/DerivedData/stash-euwkblhctvojokcckqrltedyvpyt/Build/Intermediates.noindex/stash.build/Debug-iphonesimulator/stash.build/Objects-normal/arm64/stash.LinkFileList -install_name @rpath/stash.debug.dylib -Xlinker -rpath -Xlinker @executable_path/Frameworks -dead_strip -Xlinker -object_path_lto -Xlinker /Users/charleskrivan/Library/Developer/Xcode/DerivedData/stash-euwkblhctvojokcckqrltedyvpyt/Build/Intermediates.noindex/stash.build/Debug-iphonesimulator/stash.build/Objects-normal/arm64/stash_lto.o -rdynamic -Xlinker -no_deduplicate -Xlinker -objc_abi_version -Xlinker 2 -Xlinker -dependency_info -Xlinker /Users/charleskrivan/Library/Developer/Xcode/DerivedData/stash-euwkblhctvojokcckqrltedyvpyt/Build/Intermediates.noindex/stash.build/Debug-iphonesimulator/stash.build/Objects-normal/arm64/stash_dependency_info.dat -fobjc-link-runtime -L/Applications/Xcode.app/Contents/Developer/Toolchains/XcodeDefault.xctoolchain/usr/lib/swift/iphonesimulator -L/usr/lib/swift -Xlinker -add_ast_path -Xlinker /Users/charleskrivan/Library/Developer/Xcode/DerivedData/stash-euwkblhctvojokcckqrltedyvpyt/Build/Intermediates.noindex/stash.build/Debug-iphonesimulator/stash.build/Objects-normal/arm64/stash.swiftmodule -Xlinker -alias -Xlinker _main -Xlinker ___debug_main_executable_dylib_entry_point -Xlinker -no_adhoc_codesign -o /Users/charleskrivan/Library/Developer/Xcode/DerivedData/stash-euwkblhctvojokcckqrltedyvpyt/Build/Products/Debug-iphonesimulator/stash.app/stash.debug.dylib

ConstructStubExecutorLinkFileList /Users/charleskrivan/Library/Developer/Xcode/DerivedData/stash-euwkblhctvojokcckqrltedyvpyt/Build/Intermediates.noindex/stash.build/Debug-iphonesimulator/stash.build/stash-ExecutorLinkFileList-normal-arm64.txt (in target 'stash' from project 'stash')
    cd /Users/charleskrivan/Desktop/stash
    construct-stub-executor-link-file-list /Users/charleskrivan/Library/Developer/Xcode/DerivedData/stash-euwkblhctvojokcckqrltedyvpyt/Build/Products/Debug-iphonesimulator/stash.app/stash.debug.dylib /Applications/Xcode.app/Contents/Developer/Platforms/iPhoneSimulator.platform/Developer/usr/lib/libPreviewsJITStubExecutor_no_swift_entry_point.a /Applications/Xcode.app/Contents/Developer/Platforms/iPhoneSimulator.platform/Developer/usr/lib/libPreviewsJITStubExecutor.a --output /Users/charleskrivan/Library/Developer/Xcode/DerivedData/stash-euwkblhctvojokcckqrltedyvpyt/Build/Intermediates.noindex/stash.build/Debug-iphonesimulator/stash.build/stash-ExecutorLinkFileList-normal-arm64.txt
note: Using stub executor library with Swift entry point. (in target 'stash' from project 'stash')

Ld /Users/charleskrivan/Library/Developer/Xcode/DerivedData/stash-euwkblhctvojokcckqrltedyvpyt/Build/Products/Debug-iphonesimulator/stash.app/stash normal (in target 'stash' from project 'stash')
    cd /Users/charleskrivan/Desktop/stash
    /Applications/Xcode.app/Contents/Developer/Toolchains/XcodeDefault.xctoolchain/usr/bin/clang -Xlinker -reproducible -target arm64-apple-ios18.1-simulator -isysroot /Applications/Xcode.app/Contents/Developer/Platforms/iPhoneSimulator.platform/Developer/SDKs/iPhoneSimulator18.4.sdk -O0 -L/Users/charleskrivan/Library/Developer/Xcode/DerivedData/stash-euwkblhctvojokcckqrltedyvpyt/Build/Products/Debug-iphonesimulator -F/Users/charleskrivan/Library/Developer/Xcode/DerivedData/stash-euwkblhctvojokcckqrltedyvpyt/Build/Products/Debug-iphonesimulator -Xlinker -rpath -Xlinker @executable_path -Xlinker -rpath -Xlinker @executable_path/Frameworks -rdynamic -Xlinker -no_deduplicate -Xlinker -objc_abi_version -Xlinker 2 -e ___debug_blank_executor_main -Xlinker -sectcreate -Xlinker __TEXT -Xlinker __debug_dylib -Xlinker /Users/charleskrivan/Library/Developer/Xcode/DerivedData/stash-euwkblhctvojokcckqrltedyvpyt/Build/Intermediates.noindex/stash.build/Debug-iphonesimulator/stash.build/stash-DebugDylibPath-normal-arm64.txt -Xlinker -sectcreate -Xlinker __TEXT -Xlinker __debug_instlnm -Xlinker /Users/charleskrivan/Library/Developer/Xcode/DerivedData/stash-euwkblhctvojokcckqrltedyvpyt/Build/Intermediates.noindex/stash.build/Debug-iphonesimulator/stash.build/stash-DebugDylibInstallName-normal-arm64.txt -Xlinker -filelist -Xlinker /Users/charleskrivan/Library/Developer/Xcode/DerivedData/stash-euwkblhctvojokcckqrltedyvpyt/Build/Intermediates.noindex/stash.build/Debug-iphonesimulator/stash.build/stash-ExecutorLinkFileList-normal-arm64.txt -Xlinker -sectcreate -Xlinker __TEXT -Xlinker __entitlements -Xlinker /Users/charleskrivan/Library/Developer/Xcode/DerivedData/stash-euwkblhctvojokcckqrltedyvpyt/Build/Intermediates.noindex/stash.build/Debug-iphonesimulator/stash.build/stash.app-Simulated.xcent -Xlinker -sectcreate -Xlinker __TEXT -Xlinker __ents_der -Xlinker /Users/charleskrivan/Library/Developer/Xcode/DerivedData/stash-euwkblhctvojokcckqrltedyvpyt/Build/Intermediates.noindex/stash.build/Debug-iphonesimulator/stash.build/stash.app-Simulated.xcent.der /Users/charleskrivan/Library/Developer/Xcode/DerivedData/stash-euwkblhctvojokcckqrltedyvpyt/Build/Products/Debug-iphonesimulator/stash.app/stash.debug.dylib -Xlinker -no_adhoc_codesign -o /Users/charleskrivan/Library/Developer/Xcode/DerivedData/stash-euwkblhctvojokcckqrltedyvpyt/Build/Products/Debug-iphonesimulator/stash.app/stash

LinkAssetCatalog /Users/charleskrivan/Desktop/stash/stash/Assets.xcassets /Users/charleskrivan/Desktop/stash/stash/Preview\ Content/Preview\ Assets.xcassets (in target 'stash' from project 'stash')
    cd /Users/charleskrivan/Desktop/stash
    builtin-linkAssetCatalog --thinned /Users/charleskrivan/Library/Developer/Xcode/DerivedData/stash-euwkblhctvojokcckqrltedyvpyt/Build/Intermediates.noindex/stash.build/Debug-iphonesimulator/stash.build/assetcatalog_output/thinned --thinned-dependencies /Users/charleskrivan/Library/Developer/Xcode/DerivedData/stash-euwkblhctvojokcckqrltedyvpyt/Build/Intermediates.noindex/stash.build/Debug-iphonesimulator/stash.build/assetcatalog_dependencies_thinned --thinned-info-plist-content /Users/charleskrivan/Library/Developer/Xcode/DerivedData/stash-euwkblhctvojokcckqrltedyvpyt/Build/Intermediates.noindex/stash.build/Debug-iphonesimulator/stash.build/assetcatalog_generated_info.plist_thinned --unthinned /Users/charleskrivan/Library/Developer/Xcode/DerivedData/stash-euwkblhctvojokcckqrltedyvpyt/Build/Intermediates.noindex/stash.build/Debug-iphonesimulator/stash.build/assetcatalog_output/unthinned --unthinned-dependencies /Users/charleskrivan/Library/Developer/Xcode/DerivedData/stash-euwkblhctvojokcckqrltedyvpyt/Build/Intermediates.noindex/stash.build/Debug-iphonesimulator/stash.build/assetcatalog_dependencies_unthinned --unthinned-info-plist-content /Users/charleskrivan/Library/Developer/Xcode/DerivedData/stash-euwkblhctvojokcckqrltedyvpyt/Build/Intermediates.noindex/stash.build/Debug-iphonesimulator/stash.build/assetcatalog_generated_info.plist_unthinned --output /Users/charleskrivan/Library/Developer/Xcode/DerivedData/stash-euwkblhctvojokcckqrltedyvpyt/Build/Products/Debug-iphonesimulator/stash.app --plist-output /Users/charleskrivan/Library/Developer/Xcode/DerivedData/stash-euwkblhctvojokcckqrltedyvpyt/Build/Intermediates.noindex/stash.build/Debug-iphonesimulator/stash.build/assetcatalog_generated_info.plist
note: Emplaced /Users/charleskrivan/Library/Developer/Xcode/DerivedData/stash-euwkblhctvojokcckqrltedyvpyt/Build/Products/Debug-iphonesimulator/stash.app/Assets.car (in target 'stash' from project 'stash')
note: Emplaced /Users/charleskrivan/Library/Developer/Xcode/DerivedData/stash-euwkblhctvojokcckqrltedyvpyt/Build/Products/Debug-iphonesimulator/stash.app/AppIcon76x76@2x~ipad.png (in target 'stash' from project 'stash')
note: Emplaced /Users/charleskrivan/Library/Developer/Xcode/DerivedData/stash-euwkblhctvojokcckqrltedyvpyt/Build/Products/Debug-iphonesimulator/stash.app/AppIcon60x60@2x.png (in target 'stash' from project 'stash')

ExtractAppIntentsMetadata (in target 'stash' from project 'stash')
    cd /Users/charleskrivan/Desktop/stash
    /Applications/Xcode.app/Contents/Developer/Toolchains/XcodeDefault.xctoolchain/usr/bin/appintentsmetadataprocessor --toolchain-dir /Applications/Xcode.app/Contents/Developer/Toolchains/XcodeDefault.xctoolchain --module-name stash --sdk-root /Applications/Xcode.app/Contents/Developer/Platforms/iPhoneSimulator.platform/Developer/SDKs/iPhoneSimulator18.4.sdk --xcode-version 16E140 --platform-family iOS --deployment-target 18.1 --bundle-identifier com.ck.test.stash --output /Users/charleskrivan/Library/Developer/Xcode/DerivedData/stash-euwkblhctvojokcckqrltedyvpyt/Build/Products/Debug-iphonesimulator/stash.app --target-triple arm64-apple-ios18.1-simulator --binary-file /Users/charleskrivan/Library/Developer/Xcode/DerivedData/stash-euwkblhctvojokcckqrltedyvpyt/Build/Products/Debug-iphonesimulator/stash.app/stash --dependency-file /Users/charleskrivan/Library/Developer/Xcode/DerivedData/stash-euwkblhctvojokcckqrltedyvpyt/Build/Intermediates.noindex/stash.build/Debug-iphonesimulator/stash.build/Objects-normal/arm64/stash_dependency_info.dat --stringsdata-file /Users/charleskrivan/Library/Developer/Xcode/DerivedData/stash-euwkblhctvojokcckqrltedyvpyt/Build/Intermediates.noindex/stash.build/Debug-iphonesimulator/stash.build/Objects-normal/arm64/ExtractedAppShortcutsMetadata.stringsdata --source-file-list /Users/charleskrivan/Library/Developer/Xcode/DerivedData/stash-euwkblhctvojokcckqrltedyvpyt/Build/Intermediates.noindex/stash.build/Debug-iphonesimulator/stash.build/Objects-normal/arm64/stash.SwiftFileList --metadata-file-list /Users/charleskrivan/Library/Developer/Xcode/DerivedData/stash-euwkblhctvojokcckqrltedyvpyt/Build/Intermediates.noindex/stash.build/Debug-iphonesimulator/stash.build/stash.DependencyMetadataFileList --static-metadata-file-list /Users/charleskrivan/Library/Developer/Xcode/DerivedData/stash-euwkblhctvojokcckqrltedyvpyt/Build/Intermediates.noindex/stash.build/Debug-iphonesimulator/stash.build/stash.DependencyStaticMetadataFileList --swift-const-vals-list /Users/charleskrivan/Library/Developer/Xcode/DerivedData/stash-euwkblhctvojokcckqrltedyvpyt/Build/Intermediates.noindex/stash.build/Debug-iphonesimulator/stash.build/Objects-normal/arm64/stash.SwiftConstValuesFileList --compile-time-extraction --deployment-aware-processing --validate-assistant-intents --no-app-shortcuts-localization
2025-05-13 17:12:48.887 appintentsmetadataprocessor[35294:24977578] Starting appintentsmetadataprocessor export
2025-05-13 17:12:48.888 appintentsmetadataprocessor[35294:24977578] warning: Metadata extraction skipped. No AppIntents.framework dependency found.

ProcessInfoPlistFile /Users/charleskrivan/Library/Developer/Xcode/DerivedData/stash-euwkblhctvojokcckqrltedyvpyt/Build/Products/Debug-iphonesimulator/stash.app/Info.plist /Users/charleskrivan/Library/Developer/Xcode/DerivedData/stash-euwkblhctvojokcckqrltedyvpyt/Build/Intermediates.noindex/stash.build/Debug-iphonesimulator/stash.build/empty-stash.plist (in target 'stash' from project 'stash')
    cd /Users/charleskrivan/Desktop/stash
    builtin-infoPlistUtility /Users/charleskrivan/Library/Developer/Xcode/DerivedData/stash-euwkblhctvojokcckqrltedyvpyt/Build/Intermediates.noindex/stash.build/Debug-iphonesimulator/stash.build/empty-stash.plist -producttype com.apple.product-type.application -genpkginfo /Users/charleskrivan/Library/Developer/Xcode/DerivedData/stash-euwkblhctvojokcckqrltedyvpyt/Build/Products/Debug-iphonesimulator/stash.app/PkgInfo -expandbuildsettings -format binary -platform iphonesimulator -additionalcontentfile /Users/charleskrivan/Library/Developer/Xcode/DerivedData/stash-euwkblhctvojokcckqrltedyvpyt/Build/Intermediates.noindex/stash.build/Debug-iphonesimulator/stash.build/assetcatalog_generated_info.plist -o /Users/charleskrivan/Library/Developer/Xcode/DerivedData/stash-euwkblhctvojokcckqrltedyvpyt/Build/Products/Debug-iphonesimulator/stash.app/Info.plist

CopySwiftLibs /Users/charleskrivan/Library/Developer/Xcode/DerivedData/stash-euwkblhctvojokcckqrltedyvpyt/Build/Products/Debug-iphonesimulator/stash.app (in target 'stash' from project 'stash')
    cd /Users/charleskrivan/Desktop/stash
    builtin-swiftStdLibTool --copy --verbose --sign - --scan-executable /Users/charleskrivan/Library/Developer/Xcode/DerivedData/stash-euwkblhctvojokcckqrltedyvpyt/Build/Products/Debug-iphonesimulator/stash.app/stash.debug.dylib --scan-folder /Users/charleskrivan/Library/Developer/Xcode/DerivedData/stash-euwkblhctvojokcckqrltedyvpyt/Build/Products/Debug-iphonesimulator/stash.app/Frameworks --scan-folder /Users/charleskrivan/Library/Developer/Xcode/DerivedData/stash-euwkblhctvojokcckqrltedyvpyt/Build/Products/Debug-iphonesimulator/stash.app/PlugIns --scan-folder /Users/charleskrivan/Library/Developer/Xcode/DerivedData/stash-euwkblhctvojokcckqrltedyvpyt/Build/Products/Debug-iphonesimulator/stash.app/SystemExtensions --scan-folder /Users/charleskrivan/Library/Developer/Xcode/DerivedData/stash-euwkblhctvojokcckqrltedyvpyt/Build/Products/Debug-iphonesimulator/stash.app/Extensions --platform iphonesimulator --toolchain /Applications/Xcode.app/Contents/Developer/Toolchains/XcodeDefault.xctoolchain --destination /Users/charleskrivan/Library/Developer/Xcode/DerivedData/stash-euwkblhctvojokcckqrltedyvpyt/Build/Products/Debug-iphonesimulator/stash.app/Frameworks --strip-bitcode --strip-bitcode-tool /Applications/Xcode.app/Contents/Developer/Toolchains/XcodeDefault.xctoolchain/usr/bin/bitcode_strip --emit-dependency-info /Users/charleskrivan/Library/Developer/Xcode/DerivedData/stash-euwkblhctvojokcckqrltedyvpyt/Build/Intermediates.noindex/stash.build/Debug-iphonesimulator/stash.build/SwiftStdLibToolInputDependencies.dep --filter-for-swift-os

AppIntentsSSUTraining (in target 'stash' from project 'stash')
    cd /Users/charleskrivan/Desktop/stash
    /Applications/Xcode.app/Contents/Developer/Toolchains/XcodeDefault.xctoolchain/usr/bin/appintentsnltrainingprocessor --infoplist-path /Users/charleskrivan/Library/Developer/Xcode/DerivedData/stash-euwkblhctvojokcckqrltedyvpyt/Build/Products/Debug-iphonesimulator/stash.app/Info.plist --temp-dir-path /Users/charleskrivan/Library/Developer/Xcode/DerivedData/stash-euwkblhctvojokcckqrltedyvpyt/Build/Intermediates.noindex/stash.build/Debug-iphonesimulator/stash.build/ssu --bundle-id com.ck.test.stash --product-path /Users/charleskrivan/Library/Developer/Xcode/DerivedData/stash-euwkblhctvojokcckqrltedyvpyt/Build/Products/Debug-iphonesimulator/stash.app --extracted-metadata-path /Users/charleskrivan/Library/Developer/Xcode/DerivedData/stash-euwkblhctvojokcckqrltedyvpyt/Build/Products/Debug-iphonesimulator/stash.app/Metadata.appintents --metadata-file-list /Users/charleskrivan/Library/Developer/Xcode/DerivedData/stash-euwkblhctvojokcckqrltedyvpyt/Build/Intermediates.noindex/stash.build/Debug-iphonesimulator/stash.build/stash.DependencyMetadataFileList --archive-ssu-assets
2025-05-13 17:12:48.924 appintentsnltrainingprocessor[35295:24977585] Parsing options for appintentsnltrainingprocessor
2025-05-13 17:12:48.925 appintentsnltrainingprocessor[35295:24977585] No AppShortcuts found - Skipping.

CodeSign /Users/charleskrivan/Library/Developer/Xcode/DerivedData/stash-euwkblhctvojokcckqrltedyvpyt/Build/Products/Debug-iphonesimulator/stash.app/stash.debug.dylib (in target 'stash' from project 'stash')
    cd /Users/charleskrivan/Desktop/stash
    
    Signing Identity:     "Sign to Run Locally"
    
    /usr/bin/codesign --force --sign - --timestamp\=none --generate-entitlement-der /Users/charleskrivan/Library/Developer/Xcode/DerivedData/stash-euwkblhctvojokcckqrltedyvpyt/Build/Products/Debug-iphonesimulator/stash.app/stash.debug.dylib

CodeSign /Users/charleskrivan/Library/Developer/Xcode/DerivedData/stash-euwkblhctvojokcckqrltedyvpyt/Build/Products/Debug-iphonesimulator/stash.app (in target 'stash' from project 'stash')
    cd /Users/charleskrivan/Desktop/stash
    
    Signing Identity:     "Sign to Run Locally"
    
    /usr/bin/codesign --force --sign - --timestamp\=none --generate-entitlement-der /Users/charleskrivan/Library/Developer/Xcode/DerivedData/stash-euwkblhctvojokcckqrltedyvpyt/Build/Products/Debug-iphonesimulator/stash.app

Validate /Users/charleskrivan/Library/Developer/Xcode/DerivedData/stash-euwkblhctvojokcckqrltedyvpyt/Build/Products/Debug-iphonesimulator/stash.app (in target 'stash' from project 'stash')
    cd /Users/charleskrivan/Desktop/stash
    builtin-validationUtility /Users/charleskrivan/Library/Developer/Xcode/DerivedData/stash-euwkblhctvojokcckqrltedyvpyt/Build/Products/Debug-iphonesimulator/stash.app -infoplist-subpath Info.plist

** BUILD SUCCEEDED **

